n/redimensionada_581.jpg
n/redimensionada_579.jpg
n/redimensionada_580.jpg
n/redimensionada_578.jpg
n/redimensionada_577.jpg
n/redimensionada_576.jpg
n/redimensionada_575.jpg
n/redimensionada_574.jpg
n/redimensionada_573.jpg
n/redimensionada_572.jpg
n/redimensionada_571.jpg
n/redimensionada_570.jpg
n/redimensionada_569.jpg
n/redimensionada_568.jpg
n/redimensionada_567.jpg
n/redimensionada_566.jpg
n/redimensionada_565.jpg
n/redimensionada_564.jpg
n/redimensionada_563.jpg
n/redimensionada_562.jpg
n/redimensionada_560.jpg
n/redimensionada_561.jpg
n/redimensionada_559.jpg
n/redimensionada_558.jpg
n/redimensionada_557.jpg
n/redimensionada_556.jpg
n/redimensionada_555.jpg
n/redimensionada_554.jpg
n/redimensionada_553.jpg
n/redimensionada_552.jpg
n/redimensionada_551.jpg
n/redimensionada_550.jpg
n/redimensionada_549.jpg
n/redimensionada_548.jpg
n/redimensionada_547.jpg
n/redimensionada_546.jpg
n/redimensionada_545.jpg
n/redimensionada_544.jpg
n/redimensionada_543.jpg
n/redimensionada_542.jpg
n/redimensionada_541.jpg
n/redimensionada_540.jpg
n/redimensionada_539.jpg
n/redimensionada_538.jpg
n/redimensionada_537.jpg
n/redimensionada_536.jpg
n/redimensionada_535.jpg
n/redimensionada_534.jpg
n/redimensionada_533.jpg
n/redimensionada_532.jpg
n/redimensionada_531.jpg
n/redimensionada_529.jpg
n/redimensionada_530.jpg
n/redimensionada_528.jpg
n/redimensionada_527.jpg
n/redimensionada_526.jpg
n/redimensionada_525.jpg
n/redimensionada_524.jpg
n/redimensionada_523.jpg
n/redimensionada_522.jpg
n/redimensionada_521.jpg
n/redimensionada_520.jpg
n/redimensionada_519.jpg
n/redimensionada_517.jpg
n/redimensionada_518.jpg
n/redimensionada_516.jpg
n/redimensionada_515.jpg
n/redimensionada_514.jpg
n/redimensionada_513.jpg
n/redimensionada_512.jpg
n/redimensionada_511.jpg
n/redimensionada_510.jpg
n/redimensionada_509.jpg
n/redimensionada_508.jpg
n/redimensionada_507.jpg
n/redimensionada_506.jpg
n/redimensionada_505.jpg
n/redimensionada_504.jpg
n/redimensionada_503.jpg
n/redimensionada_502.jpg
n/redimensionada_501.jpg
n/redimensionada_500.jpg
n/redimensionada_499.jpg
n/redimensionada_498.jpg
n/redimensionada_497.jpg
n/redimensionada_496.jpg
n/redimensionada_495.jpg
n/redimensionada_494.jpg
n/redimensionada_493.jpg
n/redimensionada_492.jpg
n/redimensionada_491.jpg
n/redimensionada_490.jpg
n/redimensionada_489.jpg
n/redimensionada_488.jpg
n/redimensionada_487.jpg
n/redimensionada_486.jpg
n/redimensionada_485.jpg
n/redimensionada_484.jpg
n/redimensionada_483.jpg
n/redimensionada_481.jpg
n/redimensionada_482.jpg
n/redimensionada_480.jpg
n/redimensionada_479.jpg
n/redimensionada_478.jpg
n/redimensionada_477.jpg
n/redimensionada_476.jpg
n/redimensionada_475.jpg
n/redimensionada_474.jpg
n/redimensionada_473.jpg
n/redimensionada_472.jpg
n/redimensionada_471.jpg
n/redimensionada_470.jpg
n/redimensionada_469.jpg
n/redimensionada_468.jpg
n/redimensionada_467.jpg
n/redimensionada_466.jpg
n/redimensionada_465.jpg
n/redimensionada_464.jpg
n/redimensionada_463.jpg
n/redimensionada_462.jpg
n/redimensionada_461.jpg
n/redimensionada_460.jpg
n/redimensionada_459.jpg
n/redimensionada_458.jpg
n/redimensionada_457.jpg
n/redimensionada_456.jpg
n/redimensionada_455.jpg
n/redimensionada_454.jpg
n/redimensionada_453.jpg
n/redimensionada_452.jpg
n/redimensionada_451.jpg
n/redimensionada_450.jpg
n/redimensionada_448.jpg
n/redimensionada_449.jpg
n/redimensionada_447.jpg
n/redimensionada_446.jpg
n/redimensionada_444.jpg
n/redimensionada_445.jpg
n/redimensionada_443.jpg
n/redimensionada_442.jpg
n/redimensionada_441.jpg
n/redimensionada_440.jpg
n/redimensionada_439.jpg
n/redimensionada_438.jpg
n/redimensionada_437.jpg
n/redimensionada_436.jpg
n/redimensionada_435.jpg
n/redimensionada_434.jpg
n/redimensionada_433.jpg
n/redimensionada_432.jpg
n/redimensionada_431.jpg
n/redimensionada_430.jpg
n/redimensionada_429.jpg
n/redimensionada_428.jpg
n/redimensionada_427.jpg
n/redimensionada_426.jpg
n/redimensionada_425.jpg
n/redimensionada_424.jpg
n/redimensionada_423.jpg
n/redimensionada_422.jpg
n/redimensionada_420.jpg
n/redimensionada_421.jpg
n/redimensionada_419.jpg
n/redimensionada_418.jpg
n/redimensionada_417.jpg
n/redimensionada_416.jpg
n/redimensionada_415.jpg
n/redimensionada_414.jpg
n/redimensionada_413.jpg
n/redimensionada_412.jpg
n/redimensionada_411.jpg
n/redimensionada_410.jpg
n/redimensionada_409.jpg
n/redimensionada_408.jpg
n/redimensionada_407.jpg
n/redimensionada_406.jpg
n/redimensionada_405.jpg
n/redimensionada_404.jpg
n/redimensionada_403.jpg
n/redimensionada_402.jpg
n/redimensionada_401.jpg
n/redimensionada_400.jpg
n/redimensionada_399.jpg
n/redimensionada_398.jpg
n/redimensionada_397.jpg
n/redimensionada_396.jpg
n/redimensionada_395.jpg
n/redimensionada_394.jpg
n/redimensionada_393.jpg
n/redimensionada_391.jpg
n/redimensionada_392.jpg
n/redimensionada_390.jpg
n/redimensionada_389.jpg
n/redimensionada_388.jpg
n/redimensionada_387.jpg
n/redimensionada_386.jpg
n/redimensionada_385.jpg
n/redimensionada_384.jpg
n/redimensionada_383.jpg
n/redimensionada_382.jpg
n/redimensionada_381.jpg
n/redimensionada_380.jpg
n/redimensionada_379.jpg
n/redimensionada_378.jpg
n/redimensionada_377.jpg
n/redimensionada_376.jpg
n/redimensionada_375.jpg
n/redimensionada_374.jpg
n/redimensionada_373.jpg
n/redimensionada_372.jpg
n/redimensionada_371.jpg
n/redimensionada_370.jpg
n/redimensionada_369.jpg
n/redimensionada_368.jpg
n/redimensionada_367.jpg
n/redimensionada_366.jpg
n/redimensionada_365.jpg
n/redimensionada_363.jpg
n/redimensionada_364.jpg
n/redimensionada_362.jpg
n/redimensionada_361.jpg
n/redimensionada_360.jpg
n/redimensionada_359.jpg
n/redimensionada_358.jpg
n/redimensionada_357.jpg
n/redimensionada_356.jpg
n/redimensionada_355.jpg
n/redimensionada_354.jpg
n/redimensionada_353.jpg
n/redimensionada_352.jpg
n/redimensionada_351.jpg
n/redimensionada_350.jpg
n/redimensionada_349.jpg
n/redimensionada_348.jpg
n/redimensionada_347.jpg
n/redimensionada_346.jpg
n/redimensionada_345.jpg
n/redimensionada_344.jpg
n/redimensionada_343.jpg
n/redimensionada_342.jpg
n/redimensionada_341.jpg
n/redimensionada_340.jpg
n/redimensionada_339.jpg
n/redimensionada_338.jpg
n/redimensionada_337.jpg
n/redimensionada_336.jpg
n/redimensionada_335.jpg
n/redimensionada_334.jpg
n/redimensionada_333.jpg
n/redimensionada_332.jpg
n/redimensionada_331.jpg
n/redimensionada_330.jpg
n/redimensionada_329.jpg
n/redimensionada_328.jpg
n/redimensionada_327.jpg
n/redimensionada_326.jpg
n/redimensionada_325.jpg
n/redimensionada_324.jpg
n/redimensionada_323.jpg
n/redimensionada_322.jpg
n/redimensionada_321.jpg
n/redimensionada_320.jpg
n/redimensionada_319.jpg
n/redimensionada_318.jpg
n/redimensionada_317.jpg
n/redimensionada_316.jpg
n/redimensionada_315.jpg
n/redimensionada_314.jpg
n/redimensionada_313.jpg
n/redimensionada_312.jpg
n/redimensionada_311.jpg
n/redimensionada_310.jpg
n/redimensionada_309.jpg
n/redimensionada_307.jpg
n/redimensionada_308.jpg
n/redimensionada_306.jpg
n/redimensionada_305.jpg
n/redimensionada_304.jpg
n/redimensionada_303.jpg
n/redimensionada_302.jpg
n/redimensionada_301.jpg
n/redimensionada_300.jpg
n/redimensionada_299.jpg
n/redimensionada_298.jpg
n/redimensionada_297.jpg
n/redimensionada_296.jpg
n/redimensionada_295.jpg
n/redimensionada_294.jpg
n/redimensionada_292.jpg
n/redimensionada_293.jpg
n/redimensionada_291.jpg
n/redimensionada_290.jpg
n/redimensionada_289.jpg
n/redimensionada_288.jpg
n/redimensionada_287.jpg
n/redimensionada_285.jpg
n/redimensionada_286.jpg
n/redimensionada_284.jpg
n/redimensionada_283.jpg
n/redimensionada_282.jpg
n/redimensionada_281.jpg
n/redimensionada_280.jpg
n/redimensionada_279.jpg
n/redimensionada_278.jpg
n/redimensionada_277.jpg
n/redimensionada_276.jpg
n/redimensionada_275.jpg
n/redimensionada_274.jpg
n/redimensionada_273.jpg
n/redimensionada_272.jpg
n/redimensionada_271.jpg
n/redimensionada_270.jpg
n/redimensionada_269.jpg
n/redimensionada_268.jpg
n/redimensionada_267.jpg
n/redimensionada_266.jpg
n/redimensionada_265.jpg
n/redimensionada_264.jpg
n/redimensionada_263.jpg
n/redimensionada_262.jpg
n/redimensionada_261.jpg
n/redimensionada_260.jpg
n/redimensionada_259.jpg
n/redimensionada_258.jpg
n/redimensionada_257.jpg
n/redimensionada_256.jpg
n/redimensionada_255.jpg
n/redimensionada_254.jpg
n/redimensionada_253.jpg
n/redimensionada_252.jpg
n/redimensionada_251.jpg
n/redimensionada_250.jpg
n/redimensionada_249.jpg
n/redimensionada_248.jpg
n/redimensionada_247.jpg
n/redimensionada_246.jpg
n/redimensionada_245.jpg
n/redimensionada_244.jpg
n/redimensionada_243.jpg
n/redimensionada_242.jpg
n/redimensionada_241.jpg
n/redimensionada_240.jpg
n/redimensionada_239.jpg
n/redimensionada_238.jpg
n/redimensionada_237.jpg
n/redimensionada_236.jpg
n/redimensionada_235.jpg
n/redimensionada_234.jpg
n/redimensionada_233.jpg
n/redimensionada_232.jpg
n/redimensionada_231.jpg
n/redimensionada_230.jpg
n/redimensionada_228.jpg
n/redimensionada_229.jpg
n/redimensionada_227.jpg
n/redimensionada_226.jpg
n/redimensionada_225.jpg
n/redimensionada_224.jpg
n/redimensionada_223.jpg
n/redimensionada_222.jpg
n/redimensionada_221.jpg
n/redimensionada_220.jpg
n/redimensionada_219.jpg
n/redimensionada_218.jpg
n/redimensionada_217.jpg
n/redimensionada_215.jpg
n/redimensionada_216.jpg
n/redimensionada_214.jpg
n/redimensionada_213.jpg
n/redimensionada_212.jpg
n/redimensionada_211.jpg
n/redimensionada_210.jpg
n/redimensionada_209.jpg
n/redimensionada_208.jpg
n/redimensionada_207.jpg
n/redimensionada_206.jpg
n/redimensionada_205.jpg
n/redimensionada_204.jpg
n/redimensionada_203.jpg
n/redimensionada_202.jpg
n/redimensionada_201.jpg
n/redimensionada_199.jpg
n/redimensionada_200.jpg
n/redimensionada_198.jpg
n/redimensionada_197.jpg
n/redimensionada_196.jpg
n/redimensionada_195.jpg
n/redimensionada_194.jpg
n/redimensionada_193.jpg
n/redimensionada_192.jpg
n/redimensionada_191.jpg
n/redimensionada_190.jpg
n/redimensionada_189.jpg
n/redimensionada_188.jpg
n/redimensionada_187.jpg
n/redimensionada_186.jpg
n/redimensionada_185.jpg
n/redimensionada_184.jpg
n/redimensionada_183.jpg
n/redimensionada_182.jpg
n/redimensionada_181.jpg
n/redimensionada_180.jpg
n/redimensionada_179.jpg
n/redimensionada_178.jpg
n/redimensionada_177.jpg
n/redimensionada_176.jpg
n/redimensionada_175.jpg
n/redimensionada_174.jpg
n/redimensionada_173.jpg
n/redimensionada_172.jpg
n/redimensionada_171.jpg
n/redimensionada_170.jpg
n/redimensionada_169.jpg
n/redimensionada_168.jpg
n/redimensionada_167.jpg
n/redimensionada_165.jpg
n/redimensionada_166.jpg
n/redimensionada_164.jpg
n/redimensionada_163.jpg
n/redimensionada_162.jpg
n/redimensionada_161.jpg
n/redimensionada_159.jpg
n/redimensionada_160.jpg
n/redimensionada_158.jpg
n/redimensionada_157.jpg
n/redimensionada_156.jpg
n/redimensionada_155.jpg
n/redimensionada_154.jpg
n/redimensionada_153.jpg
n/redimensionada_152.jpg
n/redimensionada_151.jpg
n/redimensionada_150.jpg
n/redimensionada_149.jpg
n/redimensionada_148.jpg
n/redimensionada_147.jpg
n/redimensionada_146.jpg
n/redimensionada_145.jpg
n/redimensionada_144.jpg
n/redimensionada_143.jpg
n/redimensionada_142.jpg
n/redimensionada_141.jpg
n/redimensionada_140.jpg
n/redimensionada_139.jpg
n/redimensionada_138.jpg
n/redimensionada_137.jpg
n/redimensionada_136.jpg
n/redimensionada_135.jpg
n/redimensionada_134.jpg
n/redimensionada_133.jpg
n/redimensionada_132.jpg
n/redimensionada_131.jpg
n/redimensionada_130.jpg
n/redimensionada_129.jpg
n/redimensionada_128.jpg
n/redimensionada_127.jpg
n/redimensionada_126.jpg
n/redimensionada_125.jpg
n/redimensionada_124.jpg
n/redimensionada_123.jpg
n/redimensionada_122.jpg
n/redimensionada_121.jpg
n/redimensionada_120.jpg
n/redimensionada_119.jpg
n/redimensionada_118.jpg
n/redimensionada_117.jpg
n/redimensionada_116.jpg
n/redimensionada_115.jpg
n/redimensionada_114.jpg
n/redimensionada_113.jpg
n/redimensionada_112.jpg
n/redimensionada_111.jpg
n/redimensionada_110.jpg
n/redimensionada_109.jpg
n/redimensionada_108.jpg
n/redimensionada_107.jpg
n/redimensionada_105.jpg
n/redimensionada_106.jpg
n/redimensionada_104.jpg
n/redimensionada_103.jpg
n/redimensionada_102.jpg
n/redimensionada_101.jpg
n/redimensionada_100.jpg
n/redimensionada_99.jpg
n/redimensionada_98.jpg
n/redimensionada_97.jpg
n/redimensionada_96.jpg
n/redimensionada_95.jpg
n/redimensionada_94.jpg
n/redimensionada_93.jpg
n/redimensionada_91.jpg
n/redimensionada_92.jpg
n/redimensionada_90.jpg
n/redimensionada_89.jpg
n/redimensionada_88.jpg
n/redimensionada_87.jpg
n/redimensionada_86.jpg
n/redimensionada_85.jpg
n/redimensionada_84.jpg
n/redimensionada_83.jpg
n/redimensionada_82.jpg
n/redimensionada_81.jpg
n/redimensionada_80.jpg
n/redimensionada_79.jpg
n/redimensionada_78.jpg
n/redimensionada_77.jpg
n/redimensionada_76.jpg
n/redimensionada_75.jpg
n/redimensionada_74.jpg
n/redimensionada_73.jpg
n/redimensionada_72.jpg
n/redimensionada_71.jpg
n/redimensionada_70.jpg
n/redimensionada_69.jpg
n/redimensionada_68.jpg
n/redimensionada_67.jpg
n/redimensionada_66.jpg
n/redimensionada_65.jpg
n/redimensionada_64.jpg
n/redimensionada_63.jpg
n/redimensionada_62.jpg
n/redimensionada_61.jpg
n/redimensionada_60.jpg
n/redimensionada_58.jpg
n/redimensionada_59.jpg
n/redimensionada_57.jpg
n/redimensionada_56.jpg
n/redimensionada_55.jpg
n/redimensionada_54.jpg
n/redimensionada_53.jpg
n/redimensionada_52.jpg
n/redimensionada_51.jpg
n/redimensionada_50.jpg
n/redimensionada_48.jpg
n/redimensionada_49.jpg
n/redimensionada_47.jpg
n/redimensionada_46.jpg
n/redimensionada_45.jpg
n/redimensionada_44.jpg
n/redimensionada_43.jpg
n/redimensionada_42.jpg
n/redimensionada_41.jpg
n/redimensionada_40.jpg
n/redimensionada_39.jpg
n/redimensionada_38.jpg
n/redimensionada_37.jpg
n/redimensionada_36.jpg
n/redimensionada_35.jpg
n/redimensionada_34.jpg
n/redimensionada_33.jpg
n/redimensionada_31.jpg
n/redimensionada_32.jpg
n/redimensionada_30.jpg
n/redimensionada_29.jpg
n/redimensionada_28.jpg
n/redimensionada_27.jpg
n/redimensionada_26.jpg
n/redimensionada_25.jpg
n/redimensionada_24.jpg
n/redimensionada_23.jpg
n/redimensionada_22.jpg
n/redimensionada_21.jpg
n/redimensionada_20.jpg
n/redimensionada_19.jpg
n/redimensionada_18.jpg
n/redimensionada_17.jpg
n/redimensionada_16.jpg
n/redimensionada_15.jpg
n/redimensionada_14.jpg
n/redimensionada_13.jpg
n/redimensionada_12.jpg
n/redimensionada_11.jpg
n/redimensionada_10.jpg
n/redimensionada_9.jpg
n/redimensionada_8.jpg
n/redimensionada_7.jpg
n/redimensionada_6.jpg
n/redimensionada_5.jpg
n/redimensionada_4.jpg
n/redimensionada_3.jpg
n/redimensionada_2.jpg
n/redimensionada_1.jpg
n/redimensionada_0.jpg